// Jest Snapshot v1, https://goo.gl/fbAQLP

exports[`It should emit all the files from different pages 1`] = `
Array [
  Object {
    "ETag": "etag-0",
    "Key": "0.jpg",
    "LastModified": "2019-02-19T19:35:20.892Z",
    "Size": 0,
    "StorageClass": "STANDARD",
  },
  Object {
    "ETag": "etag-1",
    "Key": "1.jpg",
    "LastModified": "2019-02-19T19:35:20.892Z",
    "Size": 100,
    "StorageClass": "STANDARD",
  },
  Object {
    "ETag": "etag-2",
    "Key": "2.jpg",
    "LastModified": "2019-02-19T19:35:20.892Z",
    "Size": 200,
    "StorageClass": "STANDARD",
  },
  Object {
    "ETag": "etag-3",
    "Key": "3.jpg",
    "LastModified": "2019-02-19T19:35:20.892Z",
    "Size": 300,
    "StorageClass": "STANDARD",
  },
  Object {
    "ETag": "etag-4",
    "Key": "4.jpg",
    "LastModified": "2019-02-19T19:35:20.892Z",
    "Size": 400,
    "StorageClass": "STANDARD",
  },
  Object {
    "ETag": "etag-5",
    "Key": "5.jpg",
    "LastModified": "2019-02-19T19:35:20.892Z",
    "Size": 500,
    "StorageClass": "STANDARD",
  },
]
`;

exports[`The stream should pause if reader buffer is full 1`] = `
Array [
  Object {
    "ETag": "etag-0",
    "Key": "0.jpg",
    "LastModified": "2019-02-19T19:35:20.892Z",
    "Size": 0,
    "StorageClass": "STANDARD",
  },
  Object {
    "ETag": "etag-1",
    "Key": "1.jpg",
    "LastModified": "2019-02-19T19:35:20.892Z",
    "Size": 100,
    "StorageClass": "STANDARD",
  },
  Object {
    "ETag": "etag-2",
    "Key": "2.jpg",
    "LastModified": "2019-02-19T19:35:20.892Z",
    "Size": 200,
    "StorageClass": "STANDARD",
  },
  Object {
    "ETag": "etag-3",
    "Key": "3.jpg",
    "LastModified": "2019-02-19T19:35:20.892Z",
    "Size": 300,
    "StorageClass": "STANDARD",
  },
  Object {
    "ETag": "etag-4",
    "Key": "4.jpg",
    "LastModified": "2019-02-19T19:35:20.892Z",
    "Size": 400,
    "StorageClass": "STANDARD",
  },
  Object {
    "ETag": "etag-5",
    "Key": "5.jpg",
    "LastModified": "2019-02-19T19:35:20.892Z",
    "Size": 500,
    "StorageClass": "STANDARD",
  },
]
`;
